// Vitest Snapshot v1, https://vitest.dev/guide/snapshot.html

exports[`[BaseField] component > should render component 1`] = `
<DocumentFragment>
  <div
    class="block block--y item g--xs _BaseField_dd3532"
  >
    <h6
      class="MuiTypography-root MuiTypography-subtitle2 MuiTypography-alignLeft text text--sm css-rak55z-MuiTypography-root"
    />
    <div
      class="block block--y item _Messages_e4e642"
    />
  </div>
</DocumentFragment>
`;
