// Vitest Snapshot v1, https://vitest.dev/guide/snapshot.html

exports[`[Copyright] component > should render component 1`] = `
<DocumentFragment>
  <span
    class="icon material-symbols-outlined i-sm icon--outline _Popup_fd4307 _Copyright_277946"
    data-mui-internal-clone-element="true"
  >
    copyright
  </span>
</DocumentFragment>
`;
