// Vitest Snapshot v1, https://vitest.dev/guide/snapshot.html

exports[`[AppFooter] component > should render component 1`] = `
<DocumentFragment>
  <div
    class="_AppFooter_955cb1"
  >
    <h5
      class="MuiTypography-root MuiTypography-h5 _Text_1425e6 _md_1425e6 css-1t29yh9-MuiTypography-root"
    >
      © 2023 now Systems. All Rights Reserved.
    </h5>
  </div>
</DocumentFragment>
`;
