// Vitest Snapshot v1, https://vitest.dev/guide/snapshot.html

exports[`[MarkupBoardAction] component > should render component 1`] = `
<DocumentFragment>
  <button
    class="MuiButtonBase-root MuiButton-root MuiButton-text MuiButton-sizeMedium MuiButton-colorPrimary action xxs _Button_b1e8fd _Popup_fd4307 _MarkupBoardAction_55e3f3 css-dizc30-MuiButtonBase-root-MuiButton-root"
    data-mui-internal-clone-element="true"
    tabindex="0"
    type="button"
  />
</DocumentFragment>
`;
