// Vitest Snapshot v1, https://vitest.dev/guide/snapshot.html

exports[`[FormButton] component > should render component 1`] = `
<DocumentFragment>
  <button
    class="MuiButtonBase-root MuiButton-root MuiButton-text MuiButton-sizeMedium MuiButton-colorPrimary action md _Button_b1e8fd _FormButton_8aca6f css-dizc30-MuiButtonBase-root-MuiButton-root"
    tabindex="0"
    type="button"
  />
</DocumentFragment>
`;
