// Vitest Snapshot v1, https://vitest.dev/guide/snapshot.html

exports[`[AppPage] component > should render component 1`] = `
<DocumentFragment>
  <div
    class="layout layout--left-aside page _AppPage_1f540f"
  >
    <div
      class="layout-item layout-item--left-aside"
    >
      <div
        class="block block--column-center _AppMenuScreen_b5cb46"
      >
        <div
          class="block-item block-item--start _TopActions_b5cb46"
        >
          <div
            class="MuiAvatar-root MuiAvatar-circular MuiAvatar-colorDefault css-2s90m6-MuiAvatar-root"
          >
            <span
              aria-hidden="true"
              class="material-icons notranslate MuiIcon-root MuiIcon-fontSizeLarge _Icon_867a49 material-symbols-outlined css-1gb9piy-MuiIcon-root"
            >
              account_circle
            </span>
          </div>
        </div>
        <div
          class="block-item block-item--center _MiddleActions_b5cb46"
        >
          <button
            class="MuiButtonBase-root MuiIconButton-root MuiIconButton-sizeLarge _Button_7cc380 _SquareButton_b5cb46 css-mf1cb5-MuiButtonBase-root-MuiIconButton-root"
            tabindex="0"
            type="button"
          >
            <span
              aria-hidden="true"
              class="material-icons notranslate MuiIcon-root MuiIcon-fontSizeMedium _Icon_867a49 material-symbols-outlined css-kp9ftd-MuiIcon-root"
            >
              dashboard
            </span>
            <span
              class="MuiTouchRipple-root css-8je8zh-MuiTouchRipple-root"
            />
          </button>
          <button
            class="MuiButtonBase-root MuiIconButton-root MuiIconButton-sizeLarge _Button_7cc380 _SquareButton_b5cb46 css-mf1cb5-MuiButtonBase-root-MuiIconButton-root"
            tabindex="0"
            type="button"
          >
            <span
              aria-hidden="true"
              class="material-icons notranslate MuiIcon-root MuiIcon-fontSizeMedium _Icon_867a49 material-symbols-outlined css-kp9ftd-MuiIcon-root"
            >
              insert_chart
            </span>
            <span
              class="MuiTouchRipple-root css-8je8zh-MuiTouchRipple-root"
            />
          </button>
        </div>
        <div
          class="block-item block-item--end _BottomActions_b5cb46"
        >
          <button
            class="MuiButtonBase-root MuiIconButton-root MuiIconButton-sizeLarge _Button_7cc380 _SquareButton_b5cb46 _ActiveButton_b5cb46 css-mf1cb5-MuiButtonBase-root-MuiIconButton-root"
            tabindex="0"
            type="button"
          >
            <span
              aria-hidden="true"
              class="material-icons notranslate MuiIcon-root MuiIcon-fontSizeMedium _Icon_867a49 material-symbols-outlined css-kp9ftd-MuiIcon-root"
            >
              auto_stories
            </span>
            <span
              class="MuiTouchRipple-root css-8je8zh-MuiTouchRipple-root"
            />
          </button>
          <button
            class="MuiButtonBase-root MuiIconButton-root MuiIconButton-sizeLarge _Button_7cc380 _SquareButton_b5cb46 css-mf1cb5-MuiButtonBase-root-MuiIconButton-root"
            tabindex="0"
            type="button"
          >
            <span
              aria-hidden="true"
              class="material-icons notranslate MuiIcon-root MuiIcon-fontSizeMedium _Icon_867a49 material-symbols-outlined css-kp9ftd-MuiIcon-root"
            >
              paid
            </span>
            <span
              class="MuiTouchRipple-root css-8je8zh-MuiTouchRipple-root"
            />
          </button>
          <button
            class="MuiButtonBase-root MuiIconButton-root MuiIconButton-sizeLarge _Button_7cc380 _SquareButton_b5cb46 css-mf1cb5-MuiButtonBase-root-MuiIconButton-root"
            tabindex="0"
            type="button"
          >
            <span
              aria-hidden="true"
              class="material-icons notranslate MuiIcon-root MuiIcon-fontSizeMedium _Icon_867a49 material-symbols-outlined css-kp9ftd-MuiIcon-root"
            >
              keyboard
            </span>
            <span
              class="MuiTouchRipple-root css-8je8zh-MuiTouchRipple-root"
            />
          </button>
          <button
            class="MuiButtonBase-root MuiIconButton-root MuiIconButton-sizeLarge _Button_7cc380 _SquareButton_b5cb46 css-mf1cb5-MuiButtonBase-root-MuiIconButton-root"
            tabindex="0"
            type="button"
          >
            <span
              aria-hidden="true"
              class="material-icons notranslate MuiIcon-root MuiIcon-fontSizeMedium _Icon_867a49 material-symbols-outlined css-kp9ftd-MuiIcon-root"
            >
              support_agent
            </span>
            <span
              class="MuiTouchRipple-root css-8je8zh-MuiTouchRipple-root"
            />
          </button>
          <button
            class="MuiButtonBase-root MuiIconButton-root MuiIconButton-sizeLarge _Button_7cc380 _SquareButton_b5cb46 css-mf1cb5-MuiButtonBase-root-MuiIconButton-root"
            tabindex="0"
            type="button"
          >
            <span
              aria-hidden="true"
              class="material-icons notranslate MuiIcon-root MuiIcon-fontSizeMedium _Icon_867a49 material-symbols-outlined css-kp9ftd-MuiIcon-root"
            >
              light_mode
            </span>
            <span
              class="MuiTouchRipple-root css-8je8zh-MuiTouchRipple-root"
            />
          </button>
          <button
            class="MuiButtonBase-root MuiButton-root MuiButton-text MuiButton-textPrimary MuiButton-sizeSmall MuiButton-textSizeSmall MuiButton-root MuiButton-text MuiButton-textPrimary MuiButton-sizeSmall MuiButton-textSizeSmall _Button_7cc380 _SquareButton_b5cb46 css-1knaqv7-MuiButtonBase-root-MuiButton-root"
            tabindex="0"
            type="button"
          >
            en
            <span
              class="MuiTouchRipple-root css-8je8zh-MuiTouchRipple-root"
            />
          </button>
          <button
            class="MuiButtonBase-root MuiIconButton-root MuiIconButton-sizeLarge _Button_7cc380 _SquareButton_b5cb46 css-mf1cb5-MuiButtonBase-root-MuiIconButton-root"
            tabindex="0"
            type="button"
          >
            <span
              aria-hidden="true"
              class="material-icons notranslate MuiIcon-root MuiIcon-fontSizeMedium _Icon_867a49 material-symbols-outlined css-kp9ftd-MuiIcon-root"
            >
              developer_mode_tv
            </span>
            <span
              class="MuiTouchRipple-root css-8je8zh-MuiTouchRipple-root"
            />
          </button>
        </div>
      </div>
    </div>
    <div
      class="layout-item layout-item--content"
    >
      <div
        class="_Router_318ffa"
        style="outline: none;"
        tabindex="-1"
      >
        <div
          class="layout layout--row page _HotKeysPage_a8be87"
          location="[object Object]"
          path="/"
          uri="/"
        >
          <div
            class="layout-item layout-item--content"
          >
            <div>
              TEST CONTENT
            </div>
            <div>
              TEST CONTENT
            </div>
            <div>
              TEST CONTENT
            </div>
            <div>
              TEST CONTENT
            </div>
            <div>
              TEST CONTENT
            </div>
            <div>
              TEST CONTENT
            </div>
          </div>
          <div
            class="layout-item layout-item--footer"
          >
            FOOTER
          </div>
          <div
            class="layout-item layout-item--left-aside"
          >
            LEFT ASIDE
          </div>
          <div
            class="layout-item layout-item--right-aside"
          >
            RIGHT ASIDE
          </div>
          <div
            class="layout-item layout-item--right-aside"
          >
            -------------------
          </div>
          <div
            class="layout-item layout-item--right-aside"
          >
            CONTENT
          </div>
        </div>
      </div>
    </div>
  </div>
</DocumentFragment>
`;
