// Vitest Snapshot v1, https://vitest.dev/guide/snapshot.html

exports[`[AppActions] component > should render component 1`] = `
<DocumentFragment>
  <div
    class="block block--y item _Aside_5b7d5a _AppActions_664bb3"
    style="justify-content: end; grid-area: right;"
  >
    <div
      class="_PortalContainer_8d45f7"
      id="portal-page-actions"
    />
  </div>
</DocumentFragment>
`;
