// Vitest Snapshot v1, https://vitest.dev/guide/snapshot.html

exports[`[MenuItem] component > should render component 1`] = `
<DocumentFragment>
  <h2>
    Unexpected Application Error!
  </h2>
  <h3
    style="font-style: italic;"
  >
    MUI: MenuListContext is missing. MenuItems must be placed within Menu or MenuList.
  </h3>
  <pre
    style="padding: 0.5rem; background-color: rgba(200, 200, 200, 0.5);"
  >
    Error: MUI: MenuListContext is missing. MenuItems must be placed within Menu or MenuList.
    at useMenuListContext (file:///D:/Code/dashboard/node_modules/@mui/material/MenuList/MenuListContext.mjs:16:11)
    at MenuItem (file:///D:/Code/dashboard/node_modules/@mui/material/MenuItem/MenuItem.mjs:188:27)
    at Object.react_stack_bottom_frame (D:\\Code\\dashboard\\node_modules\\react-dom\\cjs\\react-dom-client.development.js:28571:20)
    at renderWithHooks (D:\\Code\\dashboard\\node_modules\\react-dom\\cjs\\react-dom-client.development.js:8030:22)
    at updateForwardRef (D:\\Code\\dashboard\\node_modules\\react-dom\\cjs\\react-dom-client.development.js:10123:19)
    at beginWork (D:\\Code\\dashboard\\node_modules\\react-dom\\cjs\\react-dom-client.development.js:12536:18)
    at runWithFiberInDEV (D:\\Code\\dashboard\\node_modules\\react-dom\\cjs\\react-dom-client.development.js:1048:13)
    at performUnitOfWork (D:\\Code\\dashboard\\node_modules\\react-dom\\cjs\\react-dom-client.development.js:19176:22)
    at workLoopSync (D:\\Code\\dashboard\\node_modules\\react-dom\\cjs\\react-dom-client.development.js:19004:41)
    at renderRootSync (D:\\Code\\dashboard\\node_modules\\react-dom\\cjs\\react-dom-client.development.js:18985:11)
  </pre>
  <p>
    💿 Hey developer 👋
  </p>
  <p>
    You can provide a way better UX than this when your app throws errors by providing your own 
    <code
      style="padding: 2px 4px; background-color: rgba(200, 200, 200, 0.5);"
    >
      ErrorBoundary
    </code>
     or 
    <code
      style="padding: 2px 4px; background-color: rgba(200, 200, 200, 0.5);"
    >
      errorElement
    </code>
     prop on your route.
  </p>
</DocumentFragment>
`;
