// Vitest Snapshot v1, https://vitest.dev/guide/snapshot.html

exports[`[Section] component > should render component 1`] = `
<DocumentFragment>
  <div
    class="layout layout--y item g-xs _Section_a6b9ad"
  >
    <div
      class="block block--x item _Header_a6b9ad"
      style="justify-content: space-between;"
    >
      <h3
        class="MuiTypography-root MuiTypography-h3 MuiTypography-alignLeft text t-md c-primary _Title_a6b9ad css-1uwvwmv-MuiTypography-root"
        style="--Typography-textAlign: left;"
      >
        Title
      </h3>
      <div
        class="block block--x item _Actions_9baf69 _Actions_a6b9ad"
        style="align-items: center;"
      />
    </div>
    <div
      class="layout item _Content_a6b9ad"
    >
      content
    </div>
  </div>
</DocumentFragment>
`;
