// Vitest Snapshot v1, https://vitest.dev/guide/snapshot.html

exports[`[Text] component > should render component 1`] = `
<DocumentFragment>
  <p
    class="MuiTypography-root MuiTypography-body2 MuiTypography-alignLeft text t-sm c-primary css-141xmpu-MuiTypography-root"
    style="--Typography-textAlign: left;"
  />
</DocumentFragment>
`;
