// Vitest Snapshot v1, https://vitest.dev/guide/snapshot.html

exports[`[Tag] component > should render component 1`] = `
<DocumentFragment>
  <span
    class="MuiTypography-root MuiTypography-caption MuiTypography-alignLeft text t-sm c-primary _Tag_36d35e _fill_36d35e css-1844jbj-MuiTypography-root"
    style="--Typography-textAlign: left;"
  />
</DocumentFragment>
`;
