// Vitest Snapshot v1, https://vitest.dev/guide/snapshot.html

exports[`[Banner] component > should render component 1`] = `
<DocumentFragment>
  <div
    class="block block--y item stretch _Banner_279bdd"
  >
    <div
      class="block block--y item _Content_279bdd"
    >
      <img
        class="image"
      />
    </div>
  </div>
</DocumentFragment>
`;
