// Vitest Snapshot v1, https://vitest.dev/guide/snapshot.html

exports[`[PlaceholderCard] component > should render component 1`] = `
<DocumentFragment>
  <div
    class="item p-xl _PlaceholderCard_19ac2f"
  >
    <p
      class="MuiTypography-root MuiTypography-body2 MuiTypography-alignLeft text t-sm c-secondary _Message_19ac2f css-141xmpu-MuiTypography-root"
      style="--Typography-textAlign: left;"
    >
      Component Is Under Construction.
    </p>
  </div>
</DocumentFragment>
`;
