// Vitest Snapshot v1, https://vitest.dev/guide/snapshot.html

exports[`[CheckboxListField] component > should render component 1`] = `
<DocumentFragment>
  <div
    class="MuiFormControl-root _FormField_e1166e css-1iw3t7y-MuiFormControl-root"
  >
    <div
      class="layout item _CheckboxListField_4f3cbd"
    />
  </div>
</DocumentFragment>
`;
