// Vitest Snapshot v1, https://vitest.dev/guide/snapshot.html

exports[`[Section] component > should render component 1`] = `
<DocumentFragment>
  <div
    class="layout item stretch _Section_44cb7f"
  >
    <div
      class="block block--x item _Header_f4f7a7 _Header_44cb7f"
      style="align-items: center; grid-area: top;"
    >
      <h3
        class="MuiTypography-root MuiTypography-h3 MuiTypography-alignLeft text text--md _Title_44cb7f css-zy7tjt-MuiTypography-root"
      />
      <div
        class="block block--x item _Actions_dd10e3 _Actions_44cb7f"
        style="align-items: center;"
      />
    </div>
    <div
      class="layout item g--xxs _Content_99ea91 _Content_44cb7f"
      style="grid-area: center;"
    />
  </div>
</DocumentFragment>
`;
