// Vitest Snapshot v1, https://vitest.dev/guide/snapshot.html

exports[`[ExpensesTable] component > should render component 1`] = `
<DocumentFragment>
  <div
    class="block block--y item _Table_92e4ec _ExpensesTable_eca1ad"
    style="width: 100%; height: 100%;"
  >
    <div
      class="block block--x item _TableHeader_92e4ec"
      style="align-items: center; justify-content: space-between;"
    >
      <p
        class="MuiTypography-root MuiTypography-body2 MuiTypography-alignLeft text t-sm c-primary css-141xmpu-MuiTypography-root"
        style="--Typography-textAlign: left;"
      />
      <div
        class="block block--x item g-xxs _Actions_9baf69"
        style="align-items: center; justify-content: end;"
      />
    </div>
    <div
      class="MuiTableContainer-root _TableContainer_92e4ec css-1rn28at-MuiTableContainer-root scroll scroll--xy"
    >
      <table
        aria-label="sticky table"
        class="MuiTable-root MuiTable-stickyHeader css-1iqtryr-MuiTable-root"
      >
        <thead
          class="MuiTableHead-root _TableHead_87caf1 css-1a7iywq-MuiTableHead-root"
          style="z-index: 4;"
        >
          <tr
            class="MuiTableRow-root MuiTableRow-head _TableRow_f64a5c css-92sqde-MuiTableRow-root"
            id="head"
            tabindex="-1"
          >
            <th
              class="MuiTableCell-root MuiTableCell-head MuiTableCell-stickyHeader MuiTableCell-sizeMedium _TableCell_d8a746 _th_d8a746 css-rp77bu-MuiTableCell-root"
              id="head-name"
              scope="col"
            >
              <span
                class="MuiButtonBase-root MuiTableSortLabel-root MuiTableSortLabel-directionAsc css-vkpl22-MuiButtonBase-root-MuiTableSortLabel-root"
                role="button"
                tabindex="0"
              >
                <span
                  class="MuiTypography-root MuiTypography-caption MuiTypography-alignLeft text t-xxs c-primary css-1844jbj-MuiTypography-root"
                  style="--Typography-textAlign: left; font-weight: bold;"
                >
                  name
                </span>
                <svg
                  aria-hidden="true"
                  class="MuiSvgIcon-root MuiSvgIcon-fontSizeMedium MuiTableSortLabel-icon css-wlrjda-MuiSvgIcon-root-MuiTableSortLabel-icon"
                  data-testid="ArrowDownwardIcon"
                  focusable="false"
                  viewBox="0 0 24 24"
                >
                  <path
                    d="M20 12l-1.41-1.41L13 16.17V4h-2v12.17l-5.58-5.59L4 12l8 8 8-8z"
                  />
                </svg>
              </span>
            </th>
            <th
              class="MuiTableCell-root MuiTableCell-head MuiTableCell-stickyHeader MuiTableCell-alignRight MuiTableCell-sizeMedium _TableCell_d8a746 _th_d8a746 css-1b37zw5-MuiTableCell-root"
              id="head-price"
              scope="col"
              style="min-width: 130px;"
            >
              <span
                class="MuiButtonBase-root MuiTableSortLabel-root MuiTableSortLabel-directionAsc css-vkpl22-MuiButtonBase-root-MuiTableSortLabel-root"
                role="button"
                tabindex="0"
              >
                <span
                  class="MuiTypography-root MuiTypography-caption MuiTypography-alignLeft text t-xxs c-primary css-1844jbj-MuiTypography-root"
                  style="--Typography-textAlign: left; font-weight: bold;"
                >
                  price
                </span>
                <svg
                  aria-hidden="true"
                  class="MuiSvgIcon-root MuiSvgIcon-fontSizeMedium MuiTableSortLabel-icon css-wlrjda-MuiSvgIcon-root-MuiTableSortLabel-icon"
                  data-testid="ArrowDownwardIcon"
                  focusable="false"
                  viewBox="0 0 24 24"
                >
                  <path
                    d="M20 12l-1.41-1.41L13 16.17V4h-2v12.17l-5.58-5.59L4 12l8 8 8-8z"
                  />
                </svg>
              </span>
            </th>
            <th
              class="MuiTableCell-root MuiTableCell-head MuiTableCell-stickyHeader MuiTableCell-alignRight MuiTableCell-sizeMedium _TableCell_d8a746 _th_d8a746 css-1b37zw5-MuiTableCell-root"
              id="head-value"
              scope="col"
              style="min-width: 130px;"
            >
              <span
                class="MuiButtonBase-root MuiTableSortLabel-root MuiTableSortLabel-directionAsc css-vkpl22-MuiButtonBase-root-MuiTableSortLabel-root"
                role="button"
                tabindex="0"
              >
                <span
                  class="MuiTypography-root MuiTypography-caption MuiTypography-alignLeft text t-xxs c-primary css-1844jbj-MuiTypography-root"
                  style="--Typography-textAlign: left; font-weight: bold;"
                >
                  Received
                </span>
                <svg
                  aria-hidden="true"
                  class="MuiSvgIcon-root MuiSvgIcon-fontSizeMedium MuiTableSortLabel-icon css-wlrjda-MuiSvgIcon-root-MuiTableSortLabel-icon"
                  data-testid="ArrowDownwardIcon"
                  focusable="false"
                  viewBox="0 0 24 24"
                >
                  <path
                    d="M20 12l-1.41-1.41L13 16.17V4h-2v12.17l-5.58-5.59L4 12l8 8 8-8z"
                  />
                </svg>
              </span>
            </th>
          </tr>
        </thead>
        <tbody
          class="MuiTableBody-root _TableBody_69e6d6 css-gmh7jj-MuiTableBody-root"
        />
      </table>
      <div
        class="scroll-overlay"
        style="left: 0px; top: 33px; width: 0px;"
      >
        <div
          class="scroll-content"
        >
          <div
            class="block block--y item stretch _Banner_279bdd _Absolute_279bdd"
          >
            <span
              class="MuiCircularProgress-root MuiCircularProgress-indeterminate MuiCircularProgress-colorPrimary _Progress_dcdaea _Progress_279bdd css-19dyqm6-MuiCircularProgress-root"
              role="progressbar"
              style="width: 40px; height: 40px;"
            >
              <svg
                class="MuiCircularProgress-svg css-54pwck-MuiCircularProgress-svg"
                viewBox="22 22 44 44"
              >
                <circle
                  class="MuiCircularProgress-circle css-19t5dcl-MuiCircularProgress-circle"
                  cx="44"
                  cy="44"
                  fill="none"
                  r="20.2"
                  stroke-width="3.6"
                />
              </svg>
            </span>
          </div>
        </div>
        <div
          class="scroll-track scroll-track--y"
          style="margin-right: 2px; visibility: hidden;"
        >
          <div
            class="scroll-thumb scroll-thumb--y s-sm"
          />
        </div>
        <div
          class="scroll-track scroll-track--x"
          style="margin-bottom: 2px; visibility: hidden;"
        >
          <div
            class="scroll-thumb scroll-thumb--x s-sm"
          />
        </div>
        <div
          class="scroll-cerner"
        />
        <div
          class="shadow shadow-y--start"
          style="visibility: hidden;"
        />
        <div
          class="shadow shadow-y--end"
          style="visibility: visible;"
        />
        <div
          class="shadow shadow-x--start"
          style="visibility: hidden;"
        />
        <div
          class="shadow shadow-x--end"
          style="visibility: visible;"
        />
      </div>
    </div>
  </div>
</DocumentFragment>
`;
