// Vitest Snapshot v1, https://vitest.dev/guide/snapshot.html

exports[`[MenuButton] component > should render component 1`] = `
<DocumentFragment>
  <button
    class="MuiButtonBase-root MuiButton-root MuiButton-text MuiButton-textPrimary MuiButton-sizeMedium MuiButton-textSizeMedium MuiButton-root MuiButton-text MuiButton-textPrimary MuiButton-sizeMedium MuiButton-textSizeMedium action md _Button_f8f296 _MenuButton_91706b css-1e6y48t-MuiButtonBase-root-MuiButton-root"
    tabindex="0"
    type="button"
  >
    <span
      class="MuiTouchRipple-root css-8je8zh-MuiTouchRipple-root"
    />
  </button>
  <ul
    class="MuiList-root MuiList-padding _Menu_430dea css-h4y409-MuiList-root"
    role="menu"
    tabindex="-1"
  />
</DocumentFragment>
`;
