// Vitest Snapshot v1, https://vitest.dev/guide/snapshot.html

exports[`[Help] component > should render component 1`] = `
<DocumentFragment>
  <button
    class="MuiButtonBase-root MuiButton-root MuiButton-text MuiButton-sizeMedium MuiButton-colorPrimary action md _Button_b1e8fd _Popup_fd4307 _Help_d494cc css-dizc30-MuiButtonBase-root-MuiButton-root"
    data-mui-internal-clone-element="true"
    tabindex="0"
    type="button"
  >
    <span
      class="icon material-symbols-outlined c-primary icon--outline"
    >
      help
    </span>
  </button>
</DocumentFragment>
`;
