// Vitest Snapshot v1, https://vitest.dev/guide/snapshot.html

exports[`[Copyright] component > should render component 1`] = `
<DocumentFragment>
  <p
    class="MuiTypography-root MuiTypography-body2 MuiTypography-alignLeft text text--sm _Copyright_a9bfa3 css-zvssqi-MuiTypography-root"
  >
    © 2024 now Systems. All Rights Reserved.
  </p>
</DocumentFragment>
`;
