// Jest Snapshot v1, https://goo.gl/fbAQLP

exports[`[Article] page should render component 1`] = `
<DocumentFragment>
  <section
    class="ant-layout ant-layout-has-sider article"
  >
    <aside
      class="ant-layout-sider ant-layout-sider-dark"
      style="flex: 0 0 200px; max-width: 200px; min-width: 200px; width: 200px;"
    >
      <div
        class="ant-layout-sider-children"
      >
        <div>
          <div
            class=""
          >
            <div
              class="ant-anchor-wrapper"
              style="max-height: 100vh; margin-left: 0px;"
            >
              <div
                class="ant-anchor"
              >
                <div
                  class="ant-anchor-ink"
                >
                  <span
                    class="ant-anchor-ink-ball"
                  />
                </div>
                <div
                  class="ant-anchor-link"
                >
                  <a
                    class="ant-anchor-link-title"
                    href="#anchor1"
                    title="Basic demo"
                  >
                    Basic demo
                  </a>
                </div>
                <div
                  class="ant-anchor-link"
                >
                  <a
                    class="ant-anchor-link-title"
                    href="#anchor2"
                    title="Static demo"
                  >
                    Static demo
                  </a>
                </div>
                <div
                  class="ant-anchor-link"
                >
                  <a
                    class="ant-anchor-link-title"
                    href="#anchor3"
                    title="API"
                  >
                    API
                  </a>
                  <div
                    class="ant-anchor-link"
                  >
                    <a
                      class="ant-anchor-link-title"
                      href="#anchor4"
                      title="Anchor Props"
                    >
                      Anchor Props
                    </a>
                  </div>
                  <div
                    class="ant-anchor-link"
                  >
                    <a
                      class="ant-anchor-link-title"
                      href="#anchor5"
                      title="Link Props"
                    >
                      Link Props
                    </a>
                  </div>
                </div>
              </div>
            </div>
          </div>
        </div>
      </div>
    </aside>
    <main
      class="ant-layout-content"
    >
      Content
      <div
        class="ant-back-top"
      />
    </main>
  </section>
</DocumentFragment>
`;
