// Vitest Snapshot v1, https://vitest.dev/guide/snapshot.html

exports[`[AppGuard] component > should render component 1`] = `
<DocumentFragment>
  <div
    class="_AppGuard_4ed9d8"
  >
    <p
      class="MuiTypography-root MuiTypography-body1 _Text_1425e6 _md_1425e6 css-vkc4v8-MuiTypography-root"
    >
      <span
        aria-hidden="true"
        class="material-icons notranslate MuiIcon-root MuiIcon-fontSizeMedium _Icon_867a49 _md_867a49 material-symbols-outlined _Icon_1425e6 _Prefix_1425e6 css-kp9ftd-MuiIcon-root"
      >
        error
      </span>
      Changes are saved in a draft automatically. To apply changes you need to publish them.
    </p>
  </div>
</DocumentFragment>
`;
