// Vitest Snapshot v1, https://vitest.dev/guide/snapshot.html

exports[`[SupportTable] component > should render component 1`] = `
<DocumentFragment>
  <div
    class="block block--y item _Table_92e4ec _SupportTable_66f87a"
    style="width: 100%; height: 100%;"
  >
    <div
      class="block block--x item _TableHeader_92e4ec"
      style="align-items: center; justify-content: space-between;"
    >
      <p
        class="MuiTypography-root MuiTypography-body2 MuiTypography-alignLeft text t-sm c-primary css-141xmpu-MuiTypography-root"
        style="--Typography-textAlign: left;"
      >
        Requests
      </p>
      <div
        class="block block--x item _TablePagination_14b060"
        style="align-items: center; justify-content: space-between;"
      >
        <div
          class="block block--x item g-xxs _Popup_fd4307 _Label_691938 _TablePaginationLabel_14b060"
          data-mui-internal-clone-element="true"
          style="align-items: center;"
        >
          <span
            class="icon material-symbols-outlined i-xs icon--outline"
          >
            file_copy
          </span>
           
          <p
            class="MuiTypography-root MuiTypography-body2 MuiTypography-alignLeft text t-xxs c-primary css-141xmpu-MuiTypography-root"
            style="--Typography-textAlign: left;"
          >
            0
          </p>
        </div>
        <div
          aria-orientation="vertical"
          class="MuiDivider-root MuiDivider-fullWidth MuiDivider-vertical _Divider_dfa604 _y_dfa604 css-qpcdak-MuiDivider-root"
          role="separator"
        />
        <div
          class="block block--x item"
          style="align-items: center; justify-content: space-between;"
        >
          <button
            class="MuiButtonBase-root Mui-disabled MuiButton-root MuiButton-text MuiButton-sizeMedium MuiButton-colorPrimary action md _Button_b1e8fd _TablePaginationAction_14b060 css-1wc7cgh-MuiButtonBase-root-MuiButton-root"
            disabled=""
            tabindex="-1"
            type="button"
          >
            <span
              class="icon material-symbols-outlined c-primary icon--outline"
            >
              first_page
            </span>
          </button>
          <button
            class="MuiButtonBase-root Mui-disabled MuiButton-root MuiButton-text MuiButton-sizeMedium MuiButton-colorPrimary action md _Button_b1e8fd _TablePaginationAction_14b060 css-1wc7cgh-MuiButtonBase-root-MuiButton-root"
            disabled=""
            tabindex="-1"
            type="button"
          >
            <span
              class="icon material-symbols-outlined c-primary icon--outline"
            >
              chevron_left
            </span>
          </button>
          <p
            class="MuiTypography-root MuiTypography-body2 MuiTypography-alignLeft text t-xxs c-primary css-141xmpu-MuiTypography-root"
            style="--Typography-textAlign: left;"
          >
            1
          </p>
          <button
            class="MuiButtonBase-root Mui-disabled MuiButton-root MuiButton-text MuiButton-sizeMedium MuiButton-colorPrimary action md _Button_b1e8fd _TablePaginationAction_14b060 css-1wc7cgh-MuiButtonBase-root-MuiButton-root"
            disabled=""
            tabindex="-1"
            type="button"
          >
            <span
              class="icon material-symbols-outlined c-primary icon--outline"
            >
              chevron_right
            </span>
          </button>
          <button
            class="MuiButtonBase-root Mui-disabled MuiButton-root MuiButton-text MuiButton-sizeMedium MuiButton-colorPrimary action md _Button_b1e8fd _TablePaginationAction_14b060 css-1wc7cgh-MuiButtonBase-root-MuiButton-root"
            disabled=""
            tabindex="-1"
            type="button"
          >
            <span
              class="icon material-symbols-outlined c-primary icon--outline"
            >
              last_page
            </span>
          </button>
        </div>
        <div
          aria-orientation="vertical"
          class="MuiDivider-root MuiDivider-fullWidth MuiDivider-vertical _Divider_dfa604 _y_dfa604 css-qpcdak-MuiDivider-root"
          role="separator"
        />
        <div
          class="block block--x item g-xxs _Popup_fd4307 _Label_691938 _TablePaginationLabel_14b060"
          data-mui-internal-clone-element="true"
          style="align-items: center;"
        >
          <span
            class="icon material-symbols-outlined i-xs icon--outline"
          >
            table_rows
          </span>
           
          <div
            class="MuiInputBase-root MuiOutlinedInput-root MuiInputBase-colorPrimary MuiInputBase-sizeSmall _SelectField_eb070a _TablePaginationSelect_14b060 MuiSelect-root css-1kwraki-MuiInputBase-root-MuiOutlinedInput-root-MuiSelect-root"
          >
            <div
              aria-expanded="false"
              aria-haspopup="listbox"
              class="MuiSelect-select MuiSelect-outlined MuiInputBase-input MuiOutlinedInput-input css-1rwxpoq-MuiNativeSelect-root-MuiSelect-select-MuiInputBase-input-MuiOutlinedInput-input"
              role="combobox"
              tabindex="0"
            >
              25
            </div>
            <input
              aria-hidden="true"
              aria-invalid="false"
              class="MuiSelect-nativeInput css-j0riat-MuiSelect-nativeInput"
              id="_r_8_"
              tabindex="-1"
              value="25"
            />
            <svg
              aria-hidden="true"
              class="MuiSvgIcon-root MuiSvgIcon-fontSizeMedium MuiSelect-icon css-1778ep4-MuiSvgIcon-root-MuiNativeSelect-root-MuiSelect-icon"
              data-testid="ArrowDropDownIcon"
              focusable="false"
              viewBox="0 0 24 24"
            >
              <path
                d="M7 10l5 5 5-5z"
              />
            </svg>
            <fieldset
              aria-hidden="true"
              class="MuiOutlinedInput-notchedOutline css-1ohs4y1-MuiNotchedOutlined-root-MuiOutlinedInput-notchedOutline"
            >
              <legend
                class="css-1nf2c5d-MuiNotchedOutlined-root"
              >
                <span
                  aria-hidden="true"
                  class="notranslate"
                >
                  ​
                </span>
              </legend>
            </fieldset>
          </div>
        </div>
      </div>
      <div
        class="block block--x item g-xxs _Actions_9baf69"
        style="align-items: center; justify-content: end;"
      >
        <button
          class="MuiButtonBase-root MuiButton-root MuiButton-text MuiButton-sizeMedium MuiButton-colorPrimary _Popup_fd4307 action sm _Button_b1e8fd css-1wc7cgh-MuiButtonBase-root-MuiButton-root"
          data-mui-internal-clone-element="true"
          tabindex="0"
          type="button"
        >
          <span
            class="icon material-symbols-outlined i-sm c-primary icon--outline"
          >
            refresh
          </span>
        </button>
        <button
          class="MuiButtonBase-root MuiButton-root MuiButton-text MuiButton-sizeMedium MuiButton-colorPrimary _Popup_fd4307 action sm _Button_b1e8fd css-1wc7cgh-MuiButtonBase-root-MuiButton-root"
          data-mui-internal-clone-element="true"
          tabindex="0"
          type="button"
        >
          <span
            class="icon material-symbols-outlined i-sm c-primary icon--outline"
          >
            add
          </span>
        </button>
      </div>
    </div>
    <div
      class="MuiTableContainer-root _TableContainer_92e4ec css-1rn28at-MuiTableContainer-root scroll scroll--xy"
    >
      <table
        aria-label="sticky table"
        class="MuiTable-root MuiTable-stickyHeader css-1iqtryr-MuiTable-root"
      >
        <thead
          class="MuiTableHead-root _TableHead_87caf1 css-1a7iywq-MuiTableHead-root"
          style="z-index: 9;"
        >
          <tr
            class="MuiTableRow-root MuiTableRow-head _TableRow_f64a5c css-92sqde-MuiTableRow-root"
            id="head"
            tabindex="-1"
          >
            <th
              class="MuiTableCell-root MuiTableCell-head MuiTableCell-stickyHeader MuiTableCell-alignCenter MuiTableCell-sizeMedium _TableCell_d8a746 _th_d8a746 css-19hw000-MuiTableCell-root"
              id="head-id"
              scope="col"
              style="width: 30px;"
            >
              <span
                class="MuiTypography-root MuiTypography-caption MuiTypography-alignLeft text t-xxs c-primary css-1844jbj-MuiTypography-root"
                style="--Typography-textAlign: left; font-weight: bold;"
              >
                id
              </span>
            </th>
            <th
              class="MuiTableCell-root MuiTableCell-head MuiTableCell-stickyHeader MuiTableCell-sizeMedium _TableCell_d8a746 _th_d8a746 css-rp77bu-MuiTableCell-root"
              id="head-createdBy"
              scope="col"
              style="min-width: 100px;"
            >
              <span
                class="MuiTypography-root MuiTypography-caption MuiTypography-alignLeft text t-xxs c-primary css-1844jbj-MuiTypography-root"
                style="--Typography-textAlign: left; font-weight: bold;"
              >
                User
              </span>
            </th>
            <th
              class="MuiTableCell-root MuiTableCell-head MuiTableCell-stickyHeader MuiTableCell-alignCenter MuiTableCell-sizeMedium _TableCell_d8a746 _th_d8a746 css-19hw000-MuiTableCell-root"
              id="head-reason"
              scope="col"
              style="min-width: 150px;"
            >
              <span
                class="MuiButtonBase-root MuiTableSortLabel-root MuiTableSortLabel-directionAsc css-vkpl22-MuiButtonBase-root-MuiTableSortLabel-root"
                role="button"
                tabindex="0"
              >
                <span
                  class="MuiTypography-root MuiTypography-caption MuiTypography-alignLeft text t-xxs c-primary css-1844jbj-MuiTypography-root"
                  style="--Typography-textAlign: left; font-weight: bold;"
                >
                  reason
                </span>
                <svg
                  aria-hidden="true"
                  class="MuiSvgIcon-root MuiSvgIcon-fontSizeMedium MuiTableSortLabel-icon css-wlrjda-MuiSvgIcon-root-MuiTableSortLabel-icon"
                  data-testid="ArrowDownwardIcon"
                  focusable="false"
                  viewBox="0 0 24 24"
                >
                  <path
                    d="M20 12l-1.41-1.41L13 16.17V4h-2v12.17l-5.58-5.59L4 12l8 8 8-8z"
                  />
                </svg>
              </span>
            </th>
            <th
              class="MuiTableCell-root MuiTableCell-head MuiTableCell-stickyHeader MuiTableCell-alignCenter MuiTableCell-sizeMedium _TableCell_d8a746 _th_d8a746 css-19hw000-MuiTableCell-root"
              id="head-urgency"
              scope="col"
              style="min-width: 150px;"
            >
              <span
                class="MuiButtonBase-root MuiTableSortLabel-root MuiTableSortLabel-directionAsc css-vkpl22-MuiButtonBase-root-MuiTableSortLabel-root"
                role="button"
                tabindex="0"
              >
                <span
                  class="MuiTypography-root MuiTypography-caption MuiTypography-alignLeft text t-xxs c-primary css-1844jbj-MuiTypography-root"
                  style="--Typography-textAlign: left; font-weight: bold;"
                >
                  urgency
                </span>
                <svg
                  aria-hidden="true"
                  class="MuiSvgIcon-root MuiSvgIcon-fontSizeMedium MuiTableSortLabel-icon css-wlrjda-MuiSvgIcon-root-MuiTableSortLabel-icon"
                  data-testid="ArrowDownwardIcon"
                  focusable="false"
                  viewBox="0 0 24 24"
                >
                  <path
                    d="M20 12l-1.41-1.41L13 16.17V4h-2v12.17l-5.58-5.59L4 12l8 8 8-8z"
                  />
                </svg>
              </span>
            </th>
            <th
              class="MuiTableCell-root MuiTableCell-head MuiTableCell-stickyHeader MuiTableCell-alignCenter MuiTableCell-sizeMedium _TableCell_d8a746 _th_d8a746 css-19hw000-MuiTableCell-root"
              id="head-status"
              scope="col"
              style="min-width: 150px;"
            >
              <span
                class="MuiButtonBase-root MuiTableSortLabel-root MuiTableSortLabel-directionAsc css-vkpl22-MuiButtonBase-root-MuiTableSortLabel-root"
                role="button"
                tabindex="0"
              >
                <span
                  class="MuiTypography-root MuiTypography-caption MuiTypography-alignLeft text t-xxs c-primary css-1844jbj-MuiTypography-root"
                  style="--Typography-textAlign: left; font-weight: bold;"
                >
                  status
                </span>
                <svg
                  aria-hidden="true"
                  class="MuiSvgIcon-root MuiSvgIcon-fontSizeMedium MuiTableSortLabel-icon css-wlrjda-MuiSvgIcon-root-MuiTableSortLabel-icon"
                  data-testid="ArrowDownwardIcon"
                  focusable="false"
                  viewBox="0 0 24 24"
                >
                  <path
                    d="M20 12l-1.41-1.41L13 16.17V4h-2v12.17l-5.58-5.59L4 12l8 8 8-8z"
                  />
                </svg>
              </span>
            </th>
            <th
              class="MuiTableCell-root MuiTableCell-head MuiTableCell-stickyHeader MuiTableCell-alignCenter MuiTableCell-sizeMedium _TableCell_d8a746 _th_d8a746 css-19hw000-MuiTableCell-root"
              id="head-createdAt"
              scope="col"
              style="min-width: 200px;"
            >
              <span
                class="MuiButtonBase-root MuiTableSortLabel-root MuiTableSortLabel-directionAsc css-vkpl22-MuiButtonBase-root-MuiTableSortLabel-root"
                role="button"
                tabindex="0"
              >
                <span
                  class="MuiTypography-root MuiTypography-caption MuiTypography-alignLeft text t-xxs c-primary css-1844jbj-MuiTypography-root"
                  style="--Typography-textAlign: left; font-weight: bold;"
                >
                  Creation date
                </span>
                <svg
                  aria-hidden="true"
                  class="MuiSvgIcon-root MuiSvgIcon-fontSizeMedium MuiTableSortLabel-icon css-wlrjda-MuiSvgIcon-root-MuiTableSortLabel-icon"
                  data-testid="ArrowDownwardIcon"
                  focusable="false"
                  viewBox="0 0 24 24"
                >
                  <path
                    d="M20 12l-1.41-1.41L13 16.17V4h-2v12.17l-5.58-5.59L4 12l8 8 8-8z"
                  />
                </svg>
              </span>
            </th>
            <th
              class="MuiTableCell-root MuiTableCell-head MuiTableCell-stickyHeader MuiTableCell-alignCenter MuiTableCell-sizeMedium _TableCell_d8a746 _th_d8a746 css-19hw000-MuiTableCell-root"
              id="head-updatedAt"
              scope="col"
              style="min-width: 200px;"
            >
              <span
                class="MuiButtonBase-root MuiTableSortLabel-root MuiTableSortLabel-directionAsc css-vkpl22-MuiButtonBase-root-MuiTableSortLabel-root"
                role="button"
                tabindex="0"
              >
                <span
                  class="MuiTypography-root MuiTypography-caption MuiTypography-alignLeft text t-xxs c-primary css-1844jbj-MuiTypography-root"
                  style="--Typography-textAlign: left; font-weight: bold;"
                >
                  Last update
                </span>
                <svg
                  aria-hidden="true"
                  class="MuiSvgIcon-root MuiSvgIcon-fontSizeMedium MuiTableSortLabel-icon css-wlrjda-MuiSvgIcon-root-MuiTableSortLabel-icon"
                  data-testid="ArrowDownwardIcon"
                  focusable="false"
                  viewBox="0 0 24 24"
                >
                  <path
                    d="M20 12l-1.41-1.41L13 16.17V4h-2v12.17l-5.58-5.59L4 12l8 8 8-8z"
                  />
                </svg>
              </span>
            </th>
            <th
              class="MuiTableCell-root MuiTableCell-head MuiTableCell-stickyHeader MuiTableCell-sizeMedium _TableCell_d8a746 _th_d8a746 css-rp77bu-MuiTableCell-root"
              id="head-content"
              scope="col"
              style="min-width: 200px;"
            >
              <span
                class="MuiButtonBase-root MuiTableSortLabel-root MuiTableSortLabel-directionAsc css-vkpl22-MuiButtonBase-root-MuiTableSortLabel-root"
                role="button"
                tabindex="0"
              >
                <span
                  class="MuiTypography-root MuiTypography-caption MuiTypography-alignLeft text t-xxs c-primary css-1844jbj-MuiTypography-root"
                  style="--Typography-textAlign: left; font-weight: bold;"
                >
                  content
                </span>
                <svg
                  aria-hidden="true"
                  class="MuiSvgIcon-root MuiSvgIcon-fontSizeMedium MuiTableSortLabel-icon css-wlrjda-MuiSvgIcon-root-MuiTableSortLabel-icon"
                  data-testid="ArrowDownwardIcon"
                  focusable="false"
                  viewBox="0 0 24 24"
                >
                  <path
                    d="M20 12l-1.41-1.41L13 16.17V4h-2v12.17l-5.58-5.59L4 12l8 8 8-8z"
                  />
                </svg>
              </span>
            </th>
          </tr>
        </thead>
        <tbody
          class="MuiTableBody-root _TableBody_69e6d6 css-gmh7jj-MuiTableBody-root"
        />
      </table>
      <div
        class="scroll-overlay"
        style="left: 0px; top: 33px; width: 0px;"
      >
        <div
          class="scroll-content"
        >
          <div
            class="block block--y item stretch _Banner_279bdd _Absolute_279bdd"
          >
            <span
              class="MuiCircularProgress-root MuiCircularProgress-indeterminate MuiCircularProgress-colorPrimary _Progress_dcdaea _Progress_279bdd css-19dyqm6-MuiCircularProgress-root"
              role="progressbar"
              style="width: 40px; height: 40px;"
            >
              <svg
                class="MuiCircularProgress-svg css-54pwck-MuiCircularProgress-svg"
                viewBox="22 22 44 44"
              >
                <circle
                  class="MuiCircularProgress-circle css-19t5dcl-MuiCircularProgress-circle"
                  cx="44"
                  cy="44"
                  fill="none"
                  r="20.2"
                  stroke-width="3.6"
                />
              </svg>
            </span>
          </div>
        </div>
        <div
          class="scroll-track scroll-track--y"
          style="margin-right: 2px; visibility: hidden;"
        >
          <div
            class="scroll-thumb scroll-thumb--y s-sm"
          />
        </div>
        <div
          class="scroll-track scroll-track--x"
          style="margin-bottom: 2px; visibility: hidden;"
        >
          <div
            class="scroll-thumb scroll-thumb--x s-sm"
          />
        </div>
        <div
          class="scroll-cerner"
        />
        <div
          class="shadow shadow-y--start"
          style="visibility: hidden;"
        />
        <div
          class="shadow shadow-y--end"
          style="visibility: visible;"
        />
        <div
          class="shadow shadow-x--start"
          style="visibility: hidden;"
        />
        <div
          class="shadow shadow-x--end"
          style="visibility: visible;"
        />
      </div>
    </div>
  </div>
</DocumentFragment>
`;
