// Vitest Snapshot v1, https://vitest.dev/guide/snapshot.html

exports[`[SwitchField] component > should render component 1`] = `
<DocumentFragment>
  <div
    class="MuiFormControl-root _FormField_e1166e css-1iw3t7y-MuiFormControl-root"
  >
    <span
      class="MuiSwitch-root MuiSwitch-sizeSmall _SwitchField_62b544 css-fzgmul-MuiSwitch-root"
    >
      <span
        class="MuiButtonBase-root MuiSwitch-switchBase MuiSwitch-colorPrimary PrivateSwitchBase-root MuiSwitch-switchBase MuiSwitch-colorPrimary css-1ljh8g4-MuiButtonBase-root-MuiSwitchBase-root-MuiSwitch-switchBase"
      >
        <input
          class="PrivateSwitchBase-input MuiSwitch-input css-12xagqm-MuiSwitchBase-root"
          role="switch"
          type="checkbox"
        />
        <span
          class="MuiSwitch-thumb css-1mw77bv-MuiSwitch-thumb"
        />
      </span>
      <span
        class="MuiSwitch-track css-pm6g3f-MuiSwitch-track"
      />
    </span>
  </div>
</DocumentFragment>
`;
