// Vitest Snapshot v1, https://vitest.dev/guide/snapshot.html

exports[`[Link] component > should render component 1`] = `
<DocumentFragment>
  <a
    class="MuiTypography-root MuiTypography-inherit MuiLink-root MuiLink-underlineHover action md _Link_d8c611 css-73o1y3-MuiTypography-root-MuiLink-root"
    rel="noreferrer"
    target="_blank"
  >
    <span
      class="icon material-symbols-outlined icon--outline"
    >
      open_in_new
    </span>
  </a>
</DocumentFragment>
`;
