// Vitest Snapshot v1, https://vitest.dev/guide/snapshot.html

exports[`[MenuItem] component > should render component 1`] = `
<DocumentFragment>
  <li
    class="MuiButtonBase-root MuiMenuItem-root MuiMenuItem-gutters MuiMenuItem-root MuiMenuItem-gutters action md _MenuItem_8f1bf0 css-kk1bwy-MuiButtonBase-root-MuiMenuItem-root"
    role="menuitem"
    tabindex="-1"
  >
    <span
      class="MuiTouchRipple-root css-8je8zh-MuiTouchRipple-root"
    />
  </li>
</DocumentFragment>
`;
